../Core/Src/stm32f1xx_it.c:74:6:NMI_Handler	4	static
../Core/Src/stm32f1xx_it.c:89:6:HardFault_Handler	4	static
../Core/Src/stm32f1xx_it.c:103:6:MemManage_Handler	4	static
../Core/Src/stm32f1xx_it.c:118:6:BusFault_Handler	4	static
../Core/Src/stm32f1xx_it.c:133:6:UsageFault_Handler	4	static
../Core/Src/stm32f1xx_it.c:148:6:SVC_Handler	4	static
../Core/Src/stm32f1xx_it.c:161:6:DebugMon_Handler	4	static
../Core/Src/stm32f1xx_it.c:174:6:PendSV_Handler	4	static
../Core/Src/stm32f1xx_it.c:187:6:SysTick_Handler	8	static
../Core/Src/stm32f1xx_it.c:208:6:PVD_IRQHandler	8	static
../Core/Src/stm32f1xx_it.c:222:6:FLASH_IRQHandler	8	static
../Core/Src/stm32f1xx_it.c:236:6:RCC_IRQHandler	4	static
../Core/Src/stm32f1xx_it.c:249:6:DMA1_Channel2_IRQHandler	8	static
../Core/Src/stm32f1xx_it.c:264:6:TIM1_CC_IRQHandler	8	static
../Core/Src/stm32f1xx_it.c:278:6:TIM2_IRQHandler	8	static
../Core/Src/stm32f1xx_it.c:292:6:I2C1_EV_IRQHandler	8	static
../Core/Src/stm32f1xx_it.c:306:6:I2C1_ER_IRQHandler	8	static
../Core/Src/stm32f1xx_it.c:318:6:HAL_TIM_PeriodElapsedCallback	48	static
../Core/Src/stm32f1xx_it.c:352:6:HAL_TIM_IC_CaptureCallback	16	static
