../Core/Src/stm32f1xx_it.c:76:6:NMI_Handler	4	static
../Core/Src/stm32f1xx_it.c:91:6:HardFault_Handler	4	static
../Core/Src/stm32f1xx_it.c:105:6:MemManage_Handler	4	static
../Core/Src/stm32f1xx_it.c:120:6:BusFault_Handler	4	static
../Core/Src/stm32f1xx_it.c:135:6:UsageFault_Handler	4	static
../Core/Src/stm32f1xx_it.c:150:6:SVC_Handler	4	static
../Core/Src/stm32f1xx_it.c:163:6:DebugMon_Handler	4	static
../Core/Src/stm32f1xx_it.c:176:6:PendSV_Handler	4	static
../Core/Src/stm32f1xx_it.c:189:6:SysTick_Handler	8	static
../Core/Src/stm32f1xx_it.c:210:6:PVD_IRQHandler	8	static
../Core/Src/stm32f1xx_it.c:224:6:FLASH_IRQHandler	8	static
../Core/Src/stm32f1xx_it.c:238:6:RCC_IRQHandler	4	static
../Core/Src/stm32f1xx_it.c:251:6:DMA1_Channel2_IRQHandler	8	static
../Core/Src/stm32f1xx_it.c:266:6:TIM1_CC_IRQHandler	8	static
../Core/Src/stm32f1xx_it.c:280:6:TIM2_IRQHandler	8	static
../Core/Src/stm32f1xx_it.c:294:6:I2C1_EV_IRQHandler	8	static
../Core/Src/stm32f1xx_it.c:308:6:I2C1_ER_IRQHandler	8	static
../Core/Src/stm32f1xx_it.c:320:6:HAL_TIM_PeriodElapsedCallback	16	static
../Core/Src/stm32f1xx_it.c:330:6:HAL_TIM_IC_CaptureCallback	16	static
